[2025-10-13 14:21:03.056753] Using BlockBerry as API base due to BLOCKBERRY_API_KEY: https://api.blockberry.one/sui/v1
[2025-10-13 14:21:03.056753] SUI whale alert module imported
[2025-10-13 14:21:03.059756] Starting SUI whale background scanner thread...
[2025-10-13 14:21:03.061756] Starting SUI whale alert scan loop.
[2025-10-13 14:21:03.061756] SUI whale background scanner thread started successfully
[2025-10-13 14:21:04.872700] BlockBerry checkpoints non-200: 400. Snippet: {"timestamp":1760365265036,"status":400,"error":"Bad Request","path":"/sui/v1/checkpoints"}
[2025-10-13 14:21:04.876700] BlockBerry checkpoints non-200: 400. Snippet: {"timestamp":1760365265041,"status":400,"error":"Bad Request","path":"/sui/v1/checkpoints"}
[2025-10-13 14:21:06.680273] Checkpoints to scan (count=4): [200399079, 200399077, 200399075, 200399073]
[2025-10-13 14:21:06.681279] Starting scan with start_block=200399079
[2025-10-13 14:21:13.532615] Saved last_block=200399079
[2025-10-13 14:21:13.656926] Scanner persisted 24 whale history entries; last_block=200399079
[2025-10-13 14:38:26.138611] Using BlockBerry as API base due to BLOCKBERRY_API_KEY: https://api.blockberry.one/sui/v1
[2025-10-13 14:38:26.237607] SUI whale alert module imported
[2025-10-13 14:38:26.335603] Starting SUI whale background scanner thread...
[2025-10-13 14:38:26.449604] Starting SUI whale alert scan loop.
tarted successfully
[2025-10-13 14:38:29.914128] BlockBerry checkpoints non-200: 400. Snippet: {"timestamp":1760366310069,"status":400,"error":"Bad Request","path":"/sui/v1/checkpoints"}
[2025-10-13 14:38:32.413762] Checkpoints to scan (count=4): [200404125, 200404123, 200404121, 200404119]
[2025-10-13 14:38:32.895770] Starting scan with start_block=200404125
[2025-10-13 14:51:14.569205] Using BlockBerry as API base due to BLOCKBERRY_API_KEY: https://api.blockberry.one/sui/v1
[2025-10-13 14:51:14.687204] SUI whale alert module imported
[2025-10-13 14:51:14.892798] Starting SUI whale background scanner thread...
[2025-10-13 14:51:15.009798] SUI whale background scanner thread started successfully
[2025-10-13 14:51:15.009798] Starting SUI whale alert scan loop.
[2025-10-13 14:51:18.559772] BlockBerry checkpoints non-200: 400. Snippet: {"timestamp":1760367078700,"status":400,"error":"Bad Request","path":"/sui/v1/checkpoints"}
[2025-10-13 14:51:24.970289] Checkpoints to scan (count=6): [200407486, 200407484, 200407482, 200407480, 200407478, 200407476]
[2025-10-13 14:51:25.873965] Starting scan with start_block=200407486
[2025-10-13 14:58:19.244491] BlockBerry probe non-200 for https://api.blockberry.one/sui/v1/transaction-blocks/200407486/transactions?page=0&size=50: 404
[2025-10-13 14:58:20.886672] BlockBerry probe non-200 for https://api.blockberry.one/sui/v1/transaction-blocks?checkpoint=200407486&page=0&size=50: 404
[2025-10-13 14:58:22.249787] BlockBerry probe non-200 for https://api.blockberry.one/sui/v1/blocks/200407486/transactions?page=0&size=50: 404
[2025-10-13 14:58:32.847050] Scanned block 200407486: tx_count=0, total_sui=0.0
[2025-10-13 15:07:17.808715] BlockBerry probe non-200 for https://api.blockberry.one/sui/v1/transaction-blocks/200407484/transactions?page=0&size=50: 404
[2025-10-13 15:07:20.783511] BlockBerry probe non-200 for https://api.blockberry.one/sui/v1/transaction-blocks?checkpoint=200407484&page=0&size=50: 404
[2025-10-13 15:07:22.828010] BlockBerry probe non-200 for https://api.blockberry.one/sui/v1/blocks/200407484/transactions?page=0&size=50: 404
[2025-10-13 15:07:32.099527] Scanned block 200407484: tx_count=0, total_sui=0.0
[2025-10-13 15:13:07.316975] BlockBerry probe non-200 for https://api.blockberry.one/sui/v1/transaction-blocks/200407482/transactions?page=0&size=50: 404
[2025-10-13 15:13:08.436766] BlockBerry probe non-200 for https://api.blockberry.one/sui/v1/transaction-blocks?checkpoint=200407482&page=0&size=50: 404
[2025-10-13 15:13:10.025206] BlockBerry probe non-200 for https://api.blockberry.one/sui/v1/blocks/200407482/transactions?page=0&size=50: 404
[2025-10-13 15:13:23.701479] Scanned block 200407482: tx_count=0, total_sui=0.0
[2025-10-13 15:52:44.443959] Using BlockBerry as API base due to BLOCKBERRY_API_KEY: https://api.blockberry.one/sui/v1
[2025-10-13 15:52:44.543961] SUI whale alert module imported
[2025-10-13 15:52:44.645965] Starting SUI whale background scanner thread...
[2025-10-13 15:52:44.747971] SUI whale background scanner thread started successfully
[2025-10-13 15:52:44.747971] Starting SUI whale alert scan loop.
[2025-10-13 15:52:46.886966] BlockBerry checkpoints non-200: 400. Snippet: {"timestamp":1760370766885,"status":400,"error":"Bad Request","path":"/sui/v1/checkpoints"}
[2025-10-13 15:52:51.779331] Checkpoints to scan (count=6): [200423453, 200423452, 200423451, 200423450, 200423449, 200423448]
[2025-10-13 15:52:52.484476] Starting scan with start_block=200423453
[2025-10-13 16:00:06.258234] BlockBerry probe non-200 for https://api.blockberry.one/sui/v1/transaction-blocks/200423453/transactions?page=0&size=50: 404
[2025-10-13 16:00:08.268227] BlockBerry probe non-200 for https://api.blockberry.one/sui/v1/transaction-blocks?checkpoint=200423453&page=0&size=50: 404
[2025-10-13 16:00:09.785379] BlockBerry probe non-200 for https://api.blockberry.one/sui/v1/blocks/200423453/transactions?page=0&size=50: 404
[2025-10-13 16:00:20.934669] Scanned block 200423453: tx_count=0, total_sui=0.0
